2026-09-13 23:15:16 -  DBG1|ISY          [T:38202914822152]  [D2D-EVENT       ] [n008_stats      ][STS]      GV3  43 (uom=51 prec=1) (UDShell.h@155:_debug())
2026-09-13 23:15:16 -  DBG1|ISY          [T:38202914838536]  [B     n008_stats] POST - GV4 896 (UDShell.h@155:_debug())
2026-09-13 23:15:16 -  DBG1|ISY          [T:38202914822152]  [D2D-EVENT       ] [n008_stats      ][STS]      GV4 896 (uom=17 prec=1) (UDShell.h@155:_debug())
2026-09-13 23:15:16 -  DBG1|ISY          [T:38202914838536]  [B     n008_stats] POST - GV7 895 (UDShell.h@155:_debug())
2026-09-13 23:15:16 -  DBG1|ISY          [T:38202914822152]  [D2D-EVENT       ] [n008_stats      ][STS]      GV7 895 (uom=51 prec=1) (UDShell.h@155:_debug())
2026-09-13 23:15:16 -  DBG1|ISY          [T:38202914838536]  [B     n008_stats] POST - GV20 2 (UDShell.h@155:_debug())
2026-09-13 23:15:16 -  DBG1|ISY          [T:38202914822152]  [D2D-EVENT       ] [n008_stats      ][STS]     GV20   2 (uom=51 prec=0) (UDShell.h@155:_debug())
2026-09-13 23:15:16 -  DBG1|ISY          [T:38202914838536]  [B     n008_stats] POST - GV21 2 (UDShell.h@155:_debug())
2026-09-13 23:15:16 -  DBG1|ISY          [T:38202914822152]  [D2D-EVENT       ] [n008_stats      ][STS]     GV21   2 (uom=56 prec=1) (UDShell.h@155:_debug())
2026-09-13 23:15:16 -  DBG1|ISY          [T:38202914838536]  [B     n008_stats] POST - GV22 5 (UDShell.h@155:_debug())
2026-09-13 23:15:16 -  DBG1|ISY          [T:38202914822152]  [D2D-EVENT       ] [n008_stats      ][STS]     GV22   5 (uom=56 prec=1) (UDShell.h@155:_debug())
2026-09-13 23:15:16 -  DBG1|ISY          [T:38202914838536]  [B     n008_stats] POST - GV31 7646 (UDShell.h@155:_debug())
2026-09-13 23:15:16 -  DBG1|ISY          [T:38202914822152]  [D2D-EVENT       ] [n008_stats      ][STS]     GV31 7646 (uom=56 prec=1) (UDShell.h@155:_debug())
2026-09-13 23:15:16 -  DBG1|ISY          [T:38202914838536]  [B     n008_stats] POST - GV32 1583 (UDShell.h@155:_debug())
2026-09-13 23:15:16 -  DBG1|ISY          [T:38202914822152]  [D2D-EVENT       ] [n008_stats      ][STS]     GV32 1583 (uom=56 prec=1) (UDShell.h@155:_debug())
2026-09-13 23:15:16 -  DBG1|ISY          [T:38202914838536]  [B     n008_stats] POST - GV30 1 (UDShell.h@155:_debug())
2026-09-13 23:15:16 -  DBG1|ISY          [T:38202914822152]  [D2D-EVENT       ] [n008_stats      ][STS]     GV30   1 (uom=51 prec=1) (UDShell.h@155:_debug())
2026-09-13 23:15:17 -  DBG1|ISY          [T:38202914838536]  [B     n008_stats] POST - GV36 58 (UDShell.h@155:_debug())
2026-09-13 23:15:17 -  DBG1|ISY          [T:38202914822152]  [D2D-EVENT       ] [n008_stats      ][STS]     GV36  58 (uom=56 prec=0) (UDShell.h@155:_debug())
2026-09-13 23:15:20 -  DBG1|ISY          [T:38203069691912]  [B     ZB14971_001_1] POST - CLIHUM 4605 (UDShell.h@155:_debug())
2026-09-13 23:15:20 -  DBG1|ISY          [T:38202914822152]  [D2D-EVENT       ] [ZB14971_001_1   ]        CLIHUM 4605 (uom=51 prec=2) (UDShell.h@155:_debug())
2026-09-13 23:15:20 -  DBG1|ISY          [T:38203069691912]  [B     ZB14971_001_1] POST - CLITEMP 7250 (UDShell.h@155:_debug())
2026-09-13 23:15:20 -  DBG1|ISY          [T:38202914822152]  [D2D-EVENT       ] [ZB14971_001_1   ]       CLITEMP 7250 (uom=17 prec=2) (UDShell.h@155:_debug())
2026-09-13 23:16:00 -  DBG3|             [T:38202914775048] topic = spolisy/upgrade (UDXComm.cpp@425:on_message())
2026-09-13 23:16:00 -  DBG3|             [T:38202914775048] msg = {"progress":"initializing"} (UDXComm.cpp@426:on_message())